Archive member included to satisfy reference by file (symbol)

C:\Users\FRISC_~1\DOCUME~1\GitHub\RDT\DOCUME~1\IGNITE~1\ARDUIN~1\IGNITE~1\ARDUIN~1\ARDUIN~1\Debug\libArduinoCore.a(HardwareSerial.o)
                              Sketch.o (_ZN14HardwareSerial9availableEv)
C:\Users\FRISC_~1\DOCUME~1\GitHub\RDT\DOCUME~1\IGNITE~1\ARDUIN~1\IGNITE~1\ARDUIN~1\ARDUIN~1\Debug\libArduinoCore.a(HardwareSerial0.o)
                              Sketch.o (Serial)
C:\Users\FRISC_~1\DOCUME~1\GitHub\RDT\DOCUME~1\IGNITE~1\ARDUIN~1\IGNITE~1\ARDUIN~1\ARDUIN~1\Debug\libArduinoCore.a(main.o)
                              C:/Program Files (x86)/Atmel/Studio/7.0/Packs/Atmel/ATmega_DFP/1.3.300/gcc/dev/atmega328p/avr5/crtatmega328p.o (main)
C:\Users\FRISC_~1\DOCUME~1\GitHub\RDT\DOCUME~1\IGNITE~1\ARDUIN~1\IGNITE~1\ARDUIN~1\ARDUIN~1\Debug\libArduinoCore.a(Print.o)
                              src/serialBuffer/serialBuffer.o (_ZN5Print5writeEPKhj)
C:\Users\FRISC_~1\DOCUME~1\GitHub\RDT\DOCUME~1\IGNITE~1\ARDUIN~1\IGNITE~1\ARDUIN~1\ARDUIN~1\Debug\libArduinoCore.a(wiring.o)
                              Sketch.o (delay)
C:\Users\FRISC_~1\DOCUME~1\GitHub\RDT\DOCUME~1\IGNITE~1\ARDUIN~1\IGNITE~1\ARDUIN~1\ARDUIN~1\Debug\libArduinoCore.a(wiring_analog.o)
                              Sketch.o (analogRead)
C:\Users\FRISC_~1\DOCUME~1\GitHub\RDT\DOCUME~1\IGNITE~1\ARDUIN~1\IGNITE~1\ARDUIN~1\ARDUIN~1\Debug\libArduinoCore.a(wiring_digital.o)
                              Sketch.o (pinMode)
C:\Users\FRISC_~1\DOCUME~1\GitHub\RDT\DOCUME~1\IGNITE~1\ARDUIN~1\IGNITE~1\ARDUIN~1\ARDUIN~1\Debug\libArduinoCore.a(WString.o)
                              Sketch.o (_ZN6StringD2Ev)
C:\Users\FRISC_~1\DOCUME~1\GitHub\RDT\DOCUME~1\IGNITE~1\ARDUIN~1\IGNITE~1\ARDUIN~1\ARDUIN~1\Debug\libArduinoCore.a(abi.o)
                              C:\Users\FRISC_~1\DOCUME~1\GitHub\RDT\DOCUME~1\IGNITE~1\ARDUIN~1\IGNITE~1\ARDUIN~1\ARDUIN~1\Debug\libArduinoCore.a(Print.o) (__cxa_pure_virtual)
C:\Users\FRISC_~1\DOCUME~1\GitHub\RDT\DOCUME~1\IGNITE~1\ARDUIN~1\IGNITE~1\ARDUIN~1\ARDUIN~1\Debug\libArduinoCore.a(hooks.o)
                              C:\Users\FRISC_~1\DOCUME~1\GitHub\RDT\DOCUME~1\IGNITE~1\ARDUIN~1\IGNITE~1\ARDUIN~1\ARDUIN~1\Debug\libArduinoCore.a(wiring.o) (yield)
c:/program files (x86)/atmel/studio/7.0/toolchain/avr8/avr8-gnu-toolchain/bin/../lib/gcc/avr/5.4.0/../../../../avr/lib/avr5\libm.a(addsf3.o)
                              C:\Users\FRISC_~1\DOCUME~1\GitHub\RDT\DOCUME~1\IGNITE~1\ARDUIN~1\IGNITE~1\ARDUIN~1\ARDUIN~1\Debug\libArduinoCore.a(Print.o) (__subsf3)
c:/program files (x86)/atmel/studio/7.0/toolchain/avr8/avr8-gnu-toolchain/bin/../lib/gcc/avr/5.4.0/../../../../avr/lib/avr5\libm.a(addsf3x.o)
                              c:/program files (x86)/atmel/studio/7.0/toolchain/avr8/avr8-gnu-toolchain/bin/../lib/gcc/avr/5.4.0/../../../../avr/lib/avr5\libm.a(addsf3.o) (__addsf3x)
c:/program files (x86)/atmel/studio/7.0/toolchain/avr8/avr8-gnu-toolchain/bin/../lib/gcc/avr/5.4.0/../../../../avr/lib/avr5\libm.a(cmpsf2.o)
                              C:\Users\FRISC_~1\DOCUME~1\GitHub\RDT\DOCUME~1\IGNITE~1\ARDUIN~1\IGNITE~1\ARDUIN~1\ARDUIN~1\Debug\libArduinoCore.a(Print.o) (__ltsf2)
c:/program files (x86)/atmel/studio/7.0/toolchain/avr8/avr8-gnu-toolchain/bin/../lib/gcc/avr/5.4.0/../../../../avr/lib/avr5\libm.a(divsf3.o)
                              C:\Users\FRISC_~1\DOCUME~1\GitHub\RDT\DOCUME~1\IGNITE~1\ARDUIN~1\IGNITE~1\ARDUIN~1\ARDUIN~1\Debug\libArduinoCore.a(Print.o) (__divsf3)
c:/program files (x86)/atmel/studio/7.0/toolchain/avr8/avr8-gnu-toolchain/bin/../lib/gcc/avr/5.4.0/../../../../avr/lib/avr5\libm.a(divsf3x.o)
                              c:/program files (x86)/atmel/studio/7.0/toolchain/avr8/avr8-gnu-toolchain/bin/../lib/gcc/avr/5.4.0/../../../../avr/lib/avr5\libm.a(divsf3.o) (__divsf3x)
c:/program files (x86)/atmel/studio/7.0/toolchain/avr8/avr8-gnu-toolchain/bin/../lib/gcc/avr/5.4.0/../../../../avr/lib/avr5\libm.a(fixunssfsi.o)
                              C:\Users\FRISC_~1\DOCUME~1\GitHub\RDT\DOCUME~1\IGNITE~1\ARDUIN~1\IGNITE~1\ARDUIN~1\ARDUIN~1\Debug\libArduinoCore.a(Print.o) (__fixunssfsi)
c:/program files (x86)/atmel/studio/7.0/toolchain/avr8/avr8-gnu-toolchain/bin/../lib/gcc/avr/5.4.0/../../../../avr/lib/avr5\libm.a(floatsisf.o)
                              C:\Users\FRISC_~1\DOCUME~1\GitHub\RDT\DOCUME~1\IGNITE~1\ARDUIN~1\IGNITE~1\ARDUIN~1\ARDUIN~1\Debug\libArduinoCore.a(Print.o) (__floatunsisf)
c:/program files (x86)/atmel/studio/7.0/toolchain/avr8/avr8-gnu-toolchain/bin/../lib/gcc/avr/5.4.0/../../../../avr/lib/avr5\libm.a(fp_cmp.o)
                              c:/program files (x86)/atmel/studio/7.0/toolchain/avr8/avr8-gnu-toolchain/bin/../lib/gcc/avr/5.4.0/../../../../avr/lib/avr5\libm.a(cmpsf2.o) (__fp_cmp)
c:/program files (x86)/atmel/studio/7.0/toolchain/avr8/avr8-gnu-toolchain/bin/../lib/gcc/avr/5.4.0/../../../../avr/lib/avr5\libm.a(fp_inf.o)
[...]
Memory Configuration

Name             Origin             Length             Attributes
text             0x00000000         0x00020000         xr
data             0x00800060         0x0000ffa0         rw !x
eeprom           0x00810000         0x00010000         rw !x
fuse             0x00820000         0x00000003         rw !x
lock             0x00830000         0x00000400         rw !x
signature        0x00840000         0x00000400         rw !x
user_signatures  0x00850000         0x00000400         rw !x
*default*        0x00000000         0xffffffff

Linker script and memory map

Address of section .data set to 0x800100
LOAD C:/Program Files (x86)/Atmel/Studio/7.0/Packs/Atmel/ATmega_DFP/1.3.300/gcc/dev/atmega328p/avr5/crtatmega328p.o
LOAD Sketch.o
LOAD src/serialBuffer/serialBuffer.o
LOAD src/serialPacket/serialPacket.o
LOAD src/valves/valves.o
START GROUP
LOAD c:/program files (x86)/atmel/studio/7.0/toolchain/avr8/avr8-gnu-toolchain/bin/../lib/gcc/avr/5.4.0/../../../../avr/lib/avr5\libm.a
LOAD C:\Users\FRISC_~1\DOCUME~1\GitHub\RDT\DOCUME~1\IGNITE~1\ARDUIN~1\IGNITE~1\ARDUIN~1\ARDUIN~1\Debug\libArduinoCore.a
END GROUP
LOAD c:/program files (x86)/atmel/studio/7.0/toolchain/avr8/avr8-gnu-toolchain/bin/../lib/gcc/avr/5.4.0/avr5\libgcc.a
LOAD c:/program files (x86)/atmel/studio/7.0/toolchain/avr8/avr8-gnu-toolchain/bin/../lib/gcc/avr/5.4.0/../../../../avr/lib/avr5\libm.a
START GROUP
LOAD c:/program files (x86)/atmel/studio/7.0/toolchain/avr8/avr8-gnu-toolchain/bin/../lib/gcc/avr/5.4.0/avr5\libgcc.a
LOAD c:/program files (x86)/atmel/studio/7.0/toolchain/avr8/avr8-gnu-toolchain/bin/../lib/gcc/avr/5.4.0/../../../../avr/lib/avr5\libm.a
LOAD c:/program files (x86)/atmel/studio/7.0/toolchain/avr8/avr8-gnu-toolchain/bin/../lib/gcc/avr/5.4.0/../../../../avr/lib/avr5\libc.a
LOAD C:/Program Files (x86)/Atmel/Studio/7.0/Packs/Atmel/ATmega_DFP/1.3.300/gcc/dev/atmega328p/avr5\libatmega328p.a
END GROUP
                0x00020000                __TEXT_REGION_LENGTH__ = DEFINED (__TEXT_REGION_LENGTH__)?__TEXT_REGION_LENGTH__:0x20000
                0x0000ffa0                __DATA_REGION_LENGTH__ = DEFINED (__DATA_REGION_LENGTH__)?__DATA_REGION_LENGTH__:0xffa0
                0x00010000                __EEPROM_REGION_LENGTH__ = DEFINED (__EEPROM_REGION_LENGTH__)?__EEPROM_REGION_LENGTH__:0x10000
                [0x00000003]                __FUSE_REGION_LENGTH__ = DEFINED (__FUSE_REGION_LENGTH__)?__FUSE_REGION_LENGTH__:0x400
                0x00000400                __LOCK_REGION_LENGTH__ = DEFINED (__LOCK_REGION_LENGTH__)?__LOCK_REGION_LENGTH__:0x400
                0x00000400                __SIGNATURE_REGION_LENGTH__ = DEFINED (__SIGNATURE_REGION_LENGTH__)?__SIGNATURE_REGION_LENGTH__:0x400
                0x00000400                __USER_SIGNATURE_REGION_LENGTH__ = DEFINED (__USER_SIGNATURE_REGION_LENGTH__)?__USER_SIGNATURE_REGION_LENGTH__:0x400

.hash
 *(.hash)

.dynsym
 *(.dynsym)

.dynstr
 *(.dynstr)

.gnu.version
 *(.gnu.version)

.gnu.version_d
 *(.gnu.version_d)

.gnu.version_r
 *(.gnu.version_r)

.rel.init
 *(.rel.init)

.rela.init
 *(.rela.init)

.rel.text
 *(.rel.text)
 *(.rel.text.*)
 *(.rel.gnu.linkonce.t*)

.rela.text
 *(.rela.text)
 *(.rela.text.*)
 *(.rela.gnu.linkonce.t*)

.rel.fini
 *(.rel.fini)

.rela.fini
 *(.rela.fini)

.rel.rodata
 *(.rel.rodata)
 *(.rel.rodata.*)
 *(.rel.gnu.linkonce.r*)

.rela.rodata
 *(.rela.rodata)
 *(.rela.rodata.*)
 *(.rela.gnu.linkonce.r*)

.rel.data
 *(.rel.data)
 *(.rel.data.*)
 *(.rel.gnu.linkonce.d*)

.rela.data
 *(.rela.data)
 *(.rela.data.*)
 *(.rela.gnu.linkonce.d*)

.rel.ctors
 *(.rel.ctors)

.rela.ctors
 *(.rela.ctors)

.rel.dtors
 *(.rel.dtors)

.rela.dtors
 *(.rela.dtors)

.rel.got
 *(.rel.got)

.rela.got
 *(.rela.got)

.rel.bss
 *(.rel.bss)

.rela.bss
 *(.rela.bss)

.rel.plt
 *(.rel.plt)

.rela.plt
 *(.rela.plt)

.text           0x00000000     0x1dc4
 *(.vectors)
 .vectors       0x00000000       0x68 C:/Program Files (x86)/Atmel/Studio/7.0/Packs/Atmel/ATmega_DFP/1.3.300/gcc/dev/atmega328p/avr5/crtatmega328p.o
                0x00000000                __vector_default
                0x00000000                __vectors
 *(.vectors)
 *(.progmem.gcc*)
                0x00000068                . = ALIGN (0x2)
                0x00000068                __trampolines_start = .
 *(.trampolines)
 .trampolines   0x00000068        0x0 linker stubs
 *(.trampolines*)
                0x00000068                __trampolines_end = .
 *libprintf_flt.a:*(.progmem.data)
 *libc.a:*(.progmem.data)
 *(.progmem*)
 .progmem.data.digital_pin_to_timer_PGM
                0x00000068       0x14 C:\Users\FRISC_~1\DOCUME~1\GitHub\RDT\DOCUME~1\IGNITE~1\ARDUIN~1\IGNITE~1\ARDUIN~1\ARDUIN~1\Debug\libArduinoCore.a(wiring_digital.o)
                0x00000068                digital_pin_to_timer_PGM
 .progmem.data.digital_pin_to_bit_mask_PGM
                0x0000007c       0x14 C:\Users\FRISC_~1\DOCUME~1\GitHub\RDT\DOCUME~1\IGNITE~1\ARDUIN~1\IGNITE~1\ARDUIN~1\ARDUIN~1\Debug\libArduinoCore.a(wiring_digital.o)
                0x0000007c                digital_pin_to_bit_mask_PGM
 .progmem.data.digital_pin_to_port_PGM
                0x00000090       0x14 C:\Users\FRISC_~1\DOCUME~1\GitHub\RDT\DOCUME~1\IGNITE~1\ARDUIN~1\IGNITE~1\ARDUIN~1\ARDUIN~1\Debug\libArduinoCore.a(wiring_digital.o)
                0x00000090                digital_pin_to_port_PGM
 .progmem.data.port_to_output_PGM
                0x000000a4        0xa C:\Users\FRISC_~1\DOCUME~1\GitHub\RDT\DOCUME~1\IGNITE~1\ARDUIN~1\IGNITE~1\ARDUIN~1\ARDUIN~1\Debug\libArduinoCore.a(wiring_digital.o)
                0x000000a4                port_to_output_PGM
 .progmem.data.port_to_mode_PGM
                0x000000ae        0xa C:\Users\FRISC_~1\DOCUME~1\GitHub\RDT\DOCUME~1\IGNITE~1\ARDUIN~1\IGNITE~1\ARDUIN~1\ARDUIN~1\Debug\libArduinoCore.a(wiring_digital.o)
                0x000000ae                port_to_mode_PGM
                0x000000b8                . = ALIGN (0x2)
 *(.jumptables)
 *(.jumptables*)
 *(.lowtext)
 *(.lowtext*)
                0x000000b8                __ctors_start = .
 *(.ctors)
 .ctors         0x000000b8        0x2 Sketch.o
 .ctors         0x000000ba        0x2 C:\Users\FRISC_~1\DOCUME~1\GitHub\RDT\DOCUME~1\IGNITE~1\ARDUIN~1\IGNITE~1\ARDUIN~1\ARDUIN~1\Debug\libArduinoCore.a(HardwareSerial0.o)
                0x000000bc                __ctors_end = .
                0x000000bc                __dtors_start = .
 *(.dtors)
 .dtors         0x000000bc        0x2 Sketch.o
                0x000000be                __dtors_end = .
 SORT(*)(.ctors)
 SORT(*)(.dtors)
 *(.init0)
 .init0         0x000000be        0x0 C:/Program Files (x86)/Atmel/Studio/7.0/Packs/Atmel/ATmega_DFP/1.3.300/gcc/dev/atmega328p/avr5/crtatmega328p.o
                0x000000be                __init
 *(.init0)
 *(.init1)
 *(.init1)
 *(.init2)
 .init2         0x000000be        0xc C:/Program Files (x86)/Atmel/Studio/7.0/Packs/Atmel/ATmega_DFP/1.3.300/gcc/dev/atmega328p/avr5/crtatmega328p.o
 *(.init2)
 *(.init3)
 *(.init3)
 *(.init4)
 .init4         0x000000ca       0x16 c:/program files (x86)/atmel/studio/7.0/toolchain/avr8/avr8-gnu-toolchain/bin/../lib/gcc/avr/5.4.0/avr5\libgcc.a(_copy_data.o)
                0x000000ca                __do_copy_data
 .init4         0x000000e0       0x10 c:/program files (x86)/atmel/studio/7.0/toolchain/avr8/avr8-gnu-toolchain/bin/../lib/gcc/avr/5.4.0/avr5\libgcc.a(_clear_bss.o)
                0x000000e0                __do_clear_bss
 *(.init4)
 *(.init5)
 *(.init5)
 *(.init6)
 .init6         0x000000f0       0x16 c:/program files (x86)/atmel/studio/7.0/toolchain/avr8/avr8-gnu-toolchain/bin/../lib/gcc/avr/5.4.0/avr5\libgcc.a(_ctors.o)
                0x000000f0                __do_global_ctors
 *(.init6)
 *(.init7)
 *(.init7)
 *(.init8)
 *(.init8)
 *(.init9)
 .init9         0x00000106        0x8 C:/Program Files (x86)/Atmel/Studio/7.0/Packs/Atmel/ATmega_DFP/1.3.300/gcc/dev/atmega328p/avr5/crtatmega328p.o
 *(.init9)
 *(.text)
 .text          0x0000010e        0x4 C:/Program Files (x86)/Atmel/Studio/7.0/Packs/Atmel/ATmega_DFP/1.3.300/gcc/dev/atmega328p/avr5/crtatmega328p.o
                0x0000010e                __vector_22
                0x0000010e                __vector_1
                0x0000010e                __vector_24
                0x0000010e                __vector_12
                0x0000010e                __bad_interrupt
                0x0000010e                __vector_6
                0x0000010e                __vector_3
                0x0000010e                __vector_23
                0x0000010e                __vector_25
                0x0000010e                __vector_11
                0x0000010e                __vector_13
                0x0000010e                __vector_17
                0x0000010e                __vector_7
                0x0000010e                __vector_5
                0x0000010e                __vector_4
                0x0000010e                __vector_9
                0x0000010e                __vector_2
                0x0000010e                __vector_21
                0x0000010e                __vector_15
                0x0000010e                __vector_8
                0x0000010e                __vector_14
                0x0000010e                __vector_10
                0x0000010e                __vector_20
                0x00000112                . = ALIGN (0x2)
 *(.text.*)
 .text.setup    0x00000112       0x68 Sketch.o
                0x00000112                setup
 .text.loop     0x0000017a      0x400 Sketch.o
                0x0000017a                loop
 .text.startup._GLOBAL__sub_I_buffer1
                0x0000057a       0x18 Sketch.o
 .text.exit._GLOBAL__sub_D_buffer1
                0x00000592       0x18 Sketch.o
 .text._Z11serialEventv
                0x000005aa       0x18 Sketch.o
                0x000005aa                _Z11serialEventv
 .text._ZN14HardwareSerial5writeEi
                0x000005c2        0xe src/serialBuffer/serialBuffer.o
                0x000005c2                _ZN14HardwareSerial5writeEi
 .text._ZN12serialBufferC2Ev
                0x000005d0       0x28 src/serialBuffer/serialBuffer.o
                0x000005d0                _ZN12serialBufferC2Ev
                0x000005d0                _ZN12serialBufferC1Ev
 .text._ZN12serialBuffer11flushBufferEv
                0x000005f8       0x16 src/serialBuffer/serialBuffer.o
                0x000005f8                _ZN12serialBuffer11flushBufferEv
 .text._ZNK12serialBuffer10isCompleteEv
                0x0000060e        0x6 src/serialBuffer/serialBuffer.o
                0x0000060e                _ZNK12serialBuffer10isCompleteEv
 .text._ZN12serialBuffer9getBufferEv
                0x00000614        0x2 src/serialBuffer/serialBuffer.o
                0x00000614                _ZN12serialBuffer9getBufferEv
 .text._ZN12serialBuffer15checkForCommandEc
                0x00000616       0x80 src/serialBuffer/serialBuffer.o
                0x00000616                _ZN12serialBuffer15checkForCommandEc
 .text._ZN12serialBuffer12updateBufferEv
                0x00000696       0x28 src/serialBuffer/serialBuffer.o
                0x00000696                _ZN12serialBuffer12updateBufferEv
 .text._ZN12serialPacketC2Ev
                0x000006be       0x22 src/serialPacket/serialPacket.o
                0x000006be                _ZN12serialPacketC1Ev
                0x000006be                _ZN12serialPacketC2Ev
 .text._ZN12serialPacket6appendEc
                0x000006e0       0x16 src/serialPacket/serialPacket.o
                0x000006e0                _ZN12serialPacket6appendEc
 .text._ZN12serialPacket9clearDataEv
                0x000006f6       0x16 src/serialPacket/serialPacket.o
                0x000006f6                _ZN12serialPacket9clearDataEv
 .text._ZN12serialPacket7setDataE6String
                0x0000070c       0x28 src/serialPacket/serialPacket.o
                0x0000070c                _ZN12serialPacket7setDataE6String
 .text._ZN12serialPacket9configureE6Stringc
                0x00000734       0x50 src/serialPacket/serialPacket.o
                0x00000734                _ZN12serialPacket9configureE6Stringc
 .text._ZNK12serialPacket7isValidEv
                0x00000784       0x14 src/serialPacket/serialPacket.o
                0x00000784                _ZNK12serialPacket7isValidEv
 .text._ZNK12serialPacket7getTypeEv
                0x00000798        0x6 src/serialPacket/serialPacket.o
                0x00000798                _ZNK12serialPacket7getTypeEv
 .text._ZNK12serialPacket7getDataEv
                0x0000079e       0x12 src/serialPacket/serialPacket.o
                0x0000079e                _ZNK12serialPacket7getDataEv
 .text._ZN12serialPacket7receiveER6String
                0x000007b0       0xfc src/serialPacket/serialPacket.o
                0x000007b0                _ZN12serialPacket7receiveER6String
 .text._ZN12serialPacketC2E12serialBuffer
                0x000008ac       0x60 src/serialPacket/serialPacket.o
                0x000008ac                _ZN12serialPacketC1E12serialBuffer
                0x000008ac                _ZN12serialPacketC2E12serialBuffer
 .text._ZN12serialPacket8transmitEv
                0x0000090c       0x86 src/serialPacket/serialPacket.o
                0x0000090c                _ZN12serialPacket8transmitEv
 .text._ZN6valvesC2Ev
                0x00000992       0x34 src/valves/valves.o
                0x00000992                _ZN6valvesC2Ev
                0x00000992                _ZN6valvesC1Ev
 .text._ZN6valves9setStatesEPb
                0x000009c6       0x4e src/valves/valves.o
                0x000009c6                _ZN6valves9setStatesEPb
 .text._ZN6valves12toggleSingleEi
                0x00000a14       0x26 src/valves/valves.o
                0x00000a14                _ZN6valves12toggleSingleEi
 .text._ZN6valves7setPinsEPi
                0x00000a3a       0x6e src/valves/valves.o
                0x00000a3a                _ZN6valves7setPinsEPi
 .text._ZN6valves8transmitEv
                0x00000aa8       0x7a src/valves/valves.o
                0x00000aa8                _ZN6valves8transmitEv
 .text._ZN14HardwareSerial9availableEv
                0x00000b22       0x18 C:\Users\FRISC_~1\DOCUME~1\GitHub\RDT\DOCUME~1\IGNITE~1\ARDUIN~1\IGNITE~1\ARDUIN~1\ARDUIN~1\Debug\libArduinoCore.a(HardwareSerial.o)
                0x00000b22                _ZN14HardwareSerial9availableEv
 .text._ZN14HardwareSerial4peekEv
                0x00000b3a       0x1c C:\Users\FRISC_~1\DOCUME~1\GitHub\RDT\DOCUME~1\IGNITE~1\ARDUIN~1\IGNITE~1\ARDUIN~1\ARDUIN~1\Debug\libArduinoCore.a(HardwareSerial.o)
                0x00000b3a                _ZN14HardwareSerial4peekEv
 .text._ZN14HardwareSerial4readEv
                0x00000b56       0x28 C:\Users\FRISC_~1\DOCUME~1\GitHub\RDT\DOCUME~1\IGNITE~1\ARDUIN~1\IGNITE~1\ARDUIN~1\ARDUIN~1\Debug\libArduinoCore.a(HardwareSerial.o)
                0x00000b56                _ZN14HardwareSerial4readEv
 .text._ZN14HardwareSerial17availableForWriteEv
                0x00000b7e       0x1e C:\Users\FRISC_~1\DOCUME~1\GitHub\RDT\DOCUME~1\IGNITE~1\ARDUIN~1\IGNITE~1\ARDUIN~1\ARDUIN~1\Debug\libArduinoCore.a(HardwareSerial.o)
                0x00000b7e                _ZN14HardwareSerial17availableForWriteEv
 .text._Z14serialEventRunv
                0x00000b9c       0x1c C:\Users\FRISC_~1\DOCUME~1\GitHub\RDT\DOCUME~1\IGNITE~1\ARDUIN~1\IGNITE~1\ARDUIN~1\ARDUIN~1\Debug\libArduinoCore.a(HardwareSerial.o)
                0x00000b9c                _Z14serialEventRunv
 .text._ZN14HardwareSerial17_tx_udr_empty_irqEv
                0x00000bb8       0x44 C:\Users\FRISC_~1\DOCUME~1\GitHub\RDT\DOCUME~1\IGNITE~1\ARDUIN~1\IGNITE~1\ARDUIN~1\ARDUIN~1\Debug\libArduinoCore.a(HardwareSerial.o)
                0x00000bb8                _ZN14HardwareSerial17_tx_udr_empty_irqEv
 .text._ZN14HardwareSerial5writeEh
                0x00000bfc       0x9a C:\Users\FRISC_~1\DOCUME~1\GitHub\RDT\DOCUME~1\IGNITE~1\ARDUIN~1\IGNITE~1\ARDUIN~1\ARDUIN~1\Debug\libArduinoCore.a(HardwareSerial.o)
                0x00000bfc                _ZN14HardwareSerial5writeEh
 .text._ZN14HardwareSerial5flushEv
                0x00000c96       0x44 C:\Users\FRISC_~1\DOCUME~1\GitHub\RDT\DOCUME~1\IGNITE~1\ARDUIN~1\IGNITE~1\ARDUIN~1\ARDUIN~1\Debug\libArduinoCore.a(HardwareSerial.o)
                0x00000c96                _ZN14HardwareSerial5flushEv
 .text._ZN14HardwareSerial5beginEmh
                0x00000cda       0xca C:\Users\FRISC_~1\DOCUME~1\GitHub\RDT\DOCUME~1\IGNITE~1\ARDUIN~1\IGNITE~1\ARDUIN~1\ARDUIN~1\Debug\libArduinoCore.a(HardwareSerial.o)
                0x00000cda                _ZN14HardwareSerial5beginEmh
 .text.__vector_18
                0x00000da4       0x64 C:\Users\FRISC_~1\DOCUME~1\GitHub\RDT\DOCUME~1\IGNITE~1\ARDUIN~1\IGNITE~1\ARDUIN~1\ARDUIN~1\Debug\libArduinoCore.a(HardwareSerial0.o)
                0x00000da4                __vector_18
 .text.__vector_19
                0x00000e08       0x4c C:\Users\FRISC_~1\DOCUME~1\GitHub\RDT\DOCUME~1\IGNITE~1\ARDUIN~1\IGNITE~1\ARDUIN~1\ARDUIN~1\Debug\libArduinoCore.a(HardwareSerial0.o)
                0x00000e08                __vector_19
 .text._Z17Serial0_availablev
                0x00000e54       0x14 C:\Users\FRISC_~1\DOCUME~1\GitHub\RDT\DOCUME~1\IGNITE~1\ARDUIN~1\IGNITE~1\ARDUIN~1\ARDUIN~1\Debug\libArduinoCore.a(HardwareSerial0.o)
                0x00000e54                _Z17Serial0_availablev
 .text.startup._GLOBAL__sub_I___vector_18
                0x00000e68       0x5a C:\Users\FRISC_~1\DOCUME~1\GitHub\RDT\DOCUME~1\IGNITE~1\ARDUIN~1\IGNITE~1\ARDUIN~1\ARDUIN~1\Debug\libArduinoCore.a(HardwareSerial0.o)
 .text.initVariant
                0x00000ec2        0x2 C:\Users\FRISC_~1\DOCUME~1\GitHub\RDT\DOCUME~1\IGNITE~1\ARDUIN~1\IGNITE~1\ARDUIN~1\ARDUIN~1\Debug\libArduinoCore.a(main.o)
                0x00000ec2                initVariant
 .text.startup.main
                0x00000ec4       0x1e C:\Users\FRISC_~1\DOCUME~1\GitHub\RDT\DOCUME~1\IGNITE~1\ARDUIN~1\IGNITE~1\ARDUIN~1\ARDUIN~1\Debug\libArduinoCore.a(main.o)
                0x00000ec4                main
 .text._ZN5Print5writeEPKhj
                0x00000ee2       0x54 C:\Users\FRISC_~1\DOCUME~1\GitHub\RDT\DOCUME~1\IGNITE~1\ARDUIN~1\IGNITE~1\ARDUIN~1\ARDUIN~1\Debug\libArduinoCore.a(Print.o)
                0x00000ee2                _ZN5Print5writeEPKhj
 .text._ZN5Print5writeEPKc
                0x00000f36       0x2a C:\Users\FRISC_~1\DOCUME~1\GitHub\RDT\DOCUME~1\IGNITE~1\ARDUIN~1\IGNITE~1\ARDUIN~1\ARDUIN~1\Debug\libArduinoCore.a(Print.o)
                0x00000f36                _ZN5Print5writeEPKc
 .text._ZN5Print5printERK6String
                0x00000f60       0x1c C:\Users\FRISC_~1\DOCUME~1\GitHub\RDT\DOCUME~1\IGNITE~1\ARDUIN~1\IGNITE~1\ARDUIN~1\ARDUIN~1\Debug\libArduinoCore.a(Print.o)
                0x00000f60                _ZN5Print5printERK6String
 .text._ZN5Print5printEPKc
                0x00000f7c        0x4 C:\Users\FRISC_~1\DOCUME~1\GitHub\RDT\DOCUME~1\IGNITE~1\ARDUIN~1\IGNITE~1\ARDUIN~1\ARDUIN~1\Debug\libArduinoCore.a(Print.o)
                0x00000f7c                _ZN5Print5printEPKc
 .text._ZN5Print5printEc
                0x00000f80        0xe C:\Users\FRISC_~1\DOCUME~1\GitHub\RDT\DOCUME~1\IGNITE~1\ARDUIN~1\IGNITE~1\ARDUIN~1\ARDUIN~1\Debug\libArduinoCore.a(Print.o)
                0x00000f80                _ZN5Print5printEc
 .text.__vector_16
                0x00000f8e       0x94 C:\Users\FRISC_~1\DOCUME~1\GitHub\RDT\DOCUME~1\IGNITE~1\ARDUIN~1\IGNITE~1\ARDUIN~1\ARDUIN~1\Debug\libArduinoCore.a(wiring.o)
                0x00000f8e                __vector_16
 .text.micros   0x00001022       0x4a C:\Users\FRISC_~1\DOCUME~1\GitHub\RDT\DOCUME~1\IGNITE~1\ARDUIN~1\IGNITE~1\ARDUIN~1\ARDUIN~1\Debug\libArduinoCore.a(wiring.o)
                0x00001022                micros
 .text.delay    0x0000106c       0x78 C:\Users\FRISC_~1\DOCUME~1\GitHub\RDT\DOCUME~1\IGNITE~1\ARDUIN~1\IGNITE~1\ARDUIN~1\ARDUIN~1\Debug\libArduinoCore.a(wiring.o)
                0x0000106c                delay
 .text.init     0x000010e4       0x76 C:\Users\FRISC_~1\DOCUME~1\GitHub\RDT\DOCUME~1\IGNITE~1\ARDUIN~1\IGNITE~1\ARDUIN~1\ARDUIN~1\Debug\libArduinoCore.a(wiring.o)
                0x000010e4                init
 .text.analogRead
                0x0000115a       0x3a C:\Users\FRISC_~1\DOCUME~1\GitHub\RDT\DOCUME~1\IGNITE~1\ARDUIN~1\IGNITE~1\ARDUIN~1\ARDUIN~1\Debug\libArduinoCore.a(wiring_analog.o)
                0x0000115a                analogRead
 .text.turnOffPWM
                0x00001194       0x52 C:\Users\FRISC_~1\DOCUME~1\GitHub\RDT\DOCUME~1\IGNITE~1\ARDUIN~1\IGNITE~1\ARDUIN~1\ARDUIN~1\Debug\libArduinoCore.a(wiring_digital.o)
 .text.pinMode  0x000011e6       0x78 C:\Users\FRISC_~1\DOCUME~1\GitHub\RDT\DOCUME~1\IGNITE~1\ARDUIN~1\IGNITE~1\ARDUIN~1\ARDUIN~1\Debug\libArduinoCore.a(wiring_digital.o)
                0x000011e6                pinMode
 .text.digitalWrite
                0x0000125e       0x5e C:\Users\FRISC_~1\DOCUME~1\GitHub\RDT\DOCUME~1\IGNITE~1\ARDUIN~1\IGNITE~1\ARDUIN~1\ARDUIN~1\Debug\libArduinoCore.a(wiring_digital.o)
                0x0000125e                digitalWrite
 .text._ZNK6String14StringIfHelperEv
                0x000012bc        0x2 C:\Users\FRISC_~1\DOCUME~1\GitHub\RDT\DOCUME~1\IGNITE~1\ARDUIN~1\IGNITE~1\ARDUIN~1\ARDUIN~1\Debug\libArduinoCore.a(WString.o)
                0x000012bc                _ZNK6String14StringIfHelperEv
 .text._ZN6StringD2Ev
                0x000012be        0xa C:\Users\FRISC_~1\DOCUME~1\GitHub\RDT\DOCUME~1\IGNITE~1\ARDUIN~1\IGNITE~1\ARDUIN~1\ARDUIN~1\Debug\libArduinoCore.a(WString.o)
                0x000012be                _ZN6StringD2Ev
                0x000012be                _ZN6StringD1Ev
 .text._ZN6String10invalidateEv
                0x000012c8       0x24 C:\Users\FRISC_~1\DOCUME~1\GitHub\RDT\DOCUME~1\IGNITE~1\ARDUIN~1\IGNITE~1\ARDUIN~1\ARDUIN~1\Debug\libArduinoCore.a(WString.o)
                0x000012c8                _ZN6String10invalidateEv
 .text._ZN6String12changeBufferEj
                0x000012ec       0x34 C:\Users\FRISC_~1\DOCUME~1\GitHub\RDT\DOCUME~1\IGNITE~1\ARDUIN~1\IGNITE~1\ARDUIN~1\ARDUIN~1\Debug\libArduinoCore.a(WString.o)
                0x000012ec                _ZN6String12changeBufferEj
 .text._ZN6String7reserveEj
                0x00001320       0x38 C:\Users\FRISC_~1\DOCUME~1\GitHub\RDT\DOCUME~1\IGNITE~1\ARDUIN~1\IGNITE~1\ARDUIN~1\ARDUIN~1\Debug\libArduinoCore.a(WString.o)
                0x00001320                _ZN6String7reserveEj
 .text._ZN6String4copyEPKcj
                0x00001358       0x42 C:\Users\FRISC_~1\DOCUME~1\GitHub\RDT\DOCUME~1\IGNITE~1\ARDUIN~1\IGNITE~1\ARDUIN~1\ARDUIN~1\Debug\libArduinoCore.a(WString.o)
                0x00001358                _ZN6String4copyEPKcj
 .text._ZN6StringC2EPKc
                0x0000139a       0x2a C:\Users\FRISC_~1\DOCUME~1\GitHub\RDT\DOCUME~1\IGNITE~1\ARDUIN~1\IGNITE~1\ARDUIN~1\ARDUIN~1\Debug\libArduinoCore.a(WString.o)
                0x0000139a                _ZN6StringC2EPKc
                0x0000139a                _ZN6StringC1EPKc
 .text._ZN6String4moveERS_
                0x000013c4       0x7a C:\Users\FRISC_~1\DOCUME~1\GitHub\RDT\DOCUME~1\IGNITE~1\ARDUIN~1\IGNITE~1\ARDUIN~1\ARDUIN~1\Debug\libArduinoCore.a(WString.o)
                0x000013c4                _ZN6String4moveERS_
 .text._ZN6StringaSERKS_
                0x0000143e       0x2e C:\Users\FRISC_~1\DOCUME~1\GitHub\RDT\DOCUME~1\IGNITE~1\ARDUIN~1\IGNITE~1\ARDUIN~1\ARDUIN~1\Debug\libArduinoCore.a(WString.o)
                0x0000143e                _ZN6StringaSERKS_
 .text._ZN6StringC2ERKS_
                0x0000146c       0x12 C:\Users\FRISC_~1\DOCUME~1\GitHub\RDT\DOCUME~1\IGNITE~1\ARDUIN~1\IGNITE~1\ARDUIN~1\ARDUIN~1\Debug\libArduinoCore.a(WString.o)
                0x0000146c                _ZN6StringC2ERKS_
                0x0000146c                _ZN6StringC1ERKS_
 .text._ZN6StringaSEOS_
                0x0000147e       0x18 C:\Users\FRISC_~1\DOCUME~1\GitHub\RDT\DOCUME~1\IGNITE~1\ARDUIN~1\IGNITE~1\ARDUIN~1\ARDUIN~1\Debug\libArduinoCore.a(WString.o)
                0x0000147e                _ZN6StringaSEOS_
 .text._ZN6StringaSEPKc
                0x00001496       0x2e C:\Users\FRISC_~1\DOCUME~1\GitHub\RDT\DOCUME~1\IGNITE~1\ARDUIN~1\IGNITE~1\ARDUIN~1\ARDUIN~1\Debug\libArduinoCore.a(WString.o)
                0x00001496                _ZN6StringaSEPKc
 .text._ZN6StringC2Ec
                0x000014c4       0x30 C:\Users\FRISC_~1\DOCUME~1\GitHub\RDT\DOCUME~1\IGNITE~1\ARDUIN~1\IGNITE~1\ARDUIN~1\ARDUIN~1\Debug\libArduinoCore.a(WString.o)
                0x000014c4                _ZN6StringC1Ec
                0x000014c4                _ZN6StringC2Ec
 .text._ZN6StringC2Eih
                0x000014f4       0x58 C:\Users\FRISC_~1\DOCUME~1\GitHub\RDT\DOCUME~1\IGNITE~1\ARDUIN~1\IGNITE~1\ARDUIN~1\ARDUIN~1\Debug\libArduinoCore.a(WString.o)
                0x000014f4                _ZN6StringC2Eih
                0x000014f4                _ZN6StringC1Eih
 .text._ZN6String6concatEPKcj
                0x0000154c       0x5c C:\Users\FRISC_~1\DOCUME~1\GitHub\RDT\DOCUME~1\IGNITE~1\ARDUIN~1\IGNITE~1\ARDUIN~1\ARDUIN~1\Debug\libArduinoCore.a(WString.o)
                0x0000154c                _ZN6String6concatEPKcj
 .text._ZN6String6concatEc
                0x000015a8       0x26 C:\Users\FRISC_~1\DOCUME~1\GitHub\RDT\DOCUME~1\IGNITE~1\ARDUIN~1\IGNITE~1\ARDUIN~1\ARDUIN~1\Debug\libArduinoCore.a(WString.o)
                0x000015a8                _ZN6String6concatEc
 .text._ZplRK15StringSumHelperRK6String
                0x000015ce       0x26 C:\Users\FRISC_~1\DOCUME~1\GitHub\RDT\DOCUME~1\IGNITE~1\ARDUIN~1\IGNITE~1\ARDUIN~1\ARDUIN~1\Debug\libArduinoCore.a(WString.o)
                0x000015ce                _ZplRK15StringSumHelperRK6String
 .text._ZplRK15StringSumHelperc
                0x000015f4       0x1c C:\Users\FRISC_~1\DOCUME~1\GitHub\RDT\DOCUME~1\IGNITE~1\ARDUIN~1\IGNITE~1\ARDUIN~1\ARDUIN~1\Debug\libArduinoCore.a(WString.o)
                0x000015f4                _ZplRK15StringSumHelperc
 .text._ZNK6String6equalsEPKc
                0x00001610       0x3e C:\Users\FRISC_~1\DOCUME~1\GitHub\RDT\DOCUME~1\IGNITE~1\ARDUIN~1\IGNITE~1\ARDUIN~1\ARDUIN~1\Debug\libArduinoCore.a(WString.o)
                0x00001610                _ZNK6String6equalsEPKc
 .text._ZNK6StringixEj
                0x0000164e       0x22 C:\Users\FRISC_~1\DOCUME~1\GitHub\RDT\DOCUME~1\IGNITE~1\ARDUIN~1\IGNITE~1\ARDUIN~1\ARDUIN~1\Debug\libArduinoCore.a(WString.o)
                0x0000164e                _ZNK6StringixEj
 .text._ZNK6String6charAtEj
                0x00001670        0x4 C:\Users\FRISC_~1\DOCUME~1\GitHub\RDT\DOCUME~1\IGNITE~1\ARDUIN~1\IGNITE~1\ARDUIN~1\ARDUIN~1\Debug\libArduinoCore.a(WString.o)
                0x00001670                _ZNK6String6charAtEj
 .text._ZNK6String7indexOfEcj
                0x00001674       0x34 C:\Users\FRISC_~1\DOCUME~1\GitHub\RDT\DOCUME~1\IGNITE~1\ARDUIN~1\IGNITE~1\ARDUIN~1\ARDUIN~1\Debug\libArduinoCore.a(WString.o)
                0x00001674                _ZNK6String7indexOfEcj
 .text._ZNK6String7indexOfEc
                0x000016a8        0x8 C:\Users\FRISC_~1\DOCUME~1\GitHub\RDT\DOCUME~1\IGNITE~1\ARDUIN~1\IGNITE~1\ARDUIN~1\ARDUIN~1\Debug\libArduinoCore.a(WString.o)
                0x000016a8                _ZNK6String7indexOfEc
 .text._ZNK6String9substringEjj
                0x000016b0       0x8a C:\Users\FRISC_~1\DOCUME~1\GitHub\RDT\DOCUME~1\IGNITE~1\ARDUIN~1\IGNITE~1\ARDUIN~1\ARDUIN~1\Debug\libArduinoCore.a(WString.o)
                0x000016b0                _ZNK6String9substringEjj
 .text._ZN6String6removeEjj
                0x0000173a       0x66 C:\Users\FRISC_~1\DOCUME~1\GitHub\RDT\DOCUME~1\IGNITE~1\ARDUIN~1\IGNITE~1\ARDUIN~1\ARDUIN~1\Debug\libArduinoCore.a(WString.o)
                0x0000173a                _ZN6String6removeEjj
 .text._ZN6String6removeEj
                0x000017a0        0x8 C:\Users\FRISC_~1\DOCUME~1\GitHub\RDT\DOCUME~1\IGNITE~1\ARDUIN~1\IGNITE~1\ARDUIN~1\ARDUIN~1\Debug\libArduinoCore.a(WString.o)
                0x000017a0                _ZN6String6removeEj
 .text._ZNK6String5toIntEv
                0x000017a8       0x16 C:\Users\FRISC_~1\DOCUME~1\GitHub\RDT\DOCUME~1\IGNITE~1\ARDUIN~1\IGNITE~1\ARDUIN~1\ARDUIN~1\Debug\libArduinoCore.a(WString.o)
                0x000017a8                _ZNK6String5toIntEv
 .text.__empty  0x000017be        0x2 C:\Users\FRISC_~1\DOCUME~1\GitHub\RDT\DOCUME~1\IGNITE~1\ARDUIN~1\IGNITE~1\ARDUIN~1\ARDUIN~1\Debug\libArduinoCore.a(hooks.o)
                0x000017be                yield
 .text.libgcc.div
                0x000017c0       0x44 c:/program files (x86)/atmel/studio/7.0/toolchain/avr8/avr8-gnu-toolchain/bin/../lib/gcc/avr/5.4.0/avr5\libgcc.a(_udivmodsi4.o)
                0x000017c0                __udivmodsi4
 .text.libgcc   0x00001804        0xc c:/program files (x86)/atmel/studio/7.0/toolchain/avr8/avr8-gnu-toolchain/bin/../lib/gcc/avr/5.4.0/avr5\libgcc.a(_tablejump2.o)
                0x00001804                __tablejump2__
 .text.avr-libc
                0x00001810      0x242 c:/program files (x86)/atmel/studio/7.0/toolchain/avr8/avr8-gnu-toolchain/bin/../lib/gcc/avr/5.4.0/../../../../avr/lib/avr5\libc.a(malloc.o)
                0x00001810                malloc
                0x00001940                free
 .text.avr-libc
                0x00001a52      0x18c c:/program files (x86)/atmel/studio/7.0/toolchain/avr8/avr8-gnu-toolchain/bin/../lib/gcc/avr/5.4.0/../../../../avr/lib/avr5\libc.a(realloc.o)
                0x00001a52                realloc
 .text.avr-libc
                0x00001bde       0x4e c:/program files (x86)/atmel/studio/7.0/toolchain/avr8/avr8-gnu-toolchain/bin/../lib/gcc/avr/5.4.0/../../../../avr/lib/avr5\libc.a(atol.o)
                0x00001bde                atol
 .text.avr-libc
                0x00001c2c       0x12 c:/program files (x86)/atmel/studio/7.0/toolchain/avr8/avr8-gnu-toolchain/bin/../lib/gcc/avr/5.4.0/../../../../avr/lib/avr5\libc.a(memcpy.o)
                0x00001c2c                memcpy
 .text.avr-libc
                0x00001c3e       0x16 c:/program files (x86)/atmel/studio/7.0/toolchain/avr8/avr8-gnu-toolchain/bin/../lib/gcc/avr/5.4.0/../../../../avr/lib/avr5\libc.a(strchr.o)
                0x00001c3e                strchr
 .text.avr-libc
                0x00001c54       0x12 c:/program files (x86)/atmel/studio/7.0/toolchain/avr8/avr8-gnu-toolchain/bin/../lib/gcc/avr/5.4.0/../../../../avr/lib/avr5\libc.a(strcmp.o)
                0x00001c54                strcmp
 .text.avr-libc
                0x00001c66        0xe c:/program files (x86)/atmel/studio/7.0/toolchain/avr8/avr8-gnu-toolchain/bin/../lib/gcc/avr/5.4.0/../../../../avr/lib/avr5\libc.a(strcpy.o)
                0x00001c66                strcpy
 .text.avr-libc
                0x00001c74       0x1e c:/program files (x86)/atmel/studio/7.0/toolchain/avr8/avr8-gnu-toolchain/bin/../lib/gcc/avr/5.4.0/../../../../avr/lib/avr5\libc.a(strncpy.o)
                0x00001c74                strncpy
 .text.avr-libc
                0x00001c92       0x16 c:/program files (x86)/atmel/studio/7.0/toolchain/avr8/avr8-gnu-toolchain/bin/../lib/gcc/avr/5.4.0/../../../../avr/lib/avr5\libc.a(itoa.o)
                0x00001c92                __itoa
                0x00001c92                itoa
 .text.avr-libc
                0x00001ca8       0x16 c:/program files (x86)/atmel/studio/7.0/toolchain/avr8/avr8-gnu-toolchain/bin/../lib/gcc/avr/5.4.0/../../../../avr/lib/avr5\libc.a(itoa_ncheck.o)
                0x00001ca8                __itoa_ncheck
 .text.avr-libc
                0x00001cbe       0x2a c:/program files (x86)/atmel/studio/7.0/toolchain/avr8/avr8-gnu-toolchain/bin/../lib/gcc/avr/5.4.0/../../../../avr/lib/avr5\libc.a(mulsi10.o)
                0x00001cbe                __mulsi_const_10
 .text.avr-libc
                0x00001ce8       0x34 c:/program files (x86)/atmel/studio/7.0/toolchain/avr8/avr8-gnu-toolchain/bin/../lib/gcc/avr/5.4.0/../../../../avr/lib/avr5\libc.a(utoa_ncheck.o)
                0x00001ce8                __utoa_ncheck
                0x00001cea                __utoa_common
 .text.avr-libc
                0x00001d1c       0x20 c:/program files (x86)/atmel/studio/7.0/toolchain/avr8/avr8-gnu-toolchain/bin/../lib/gcc/avr/5.4.0/../../../../avr/lib/avr5\libc.a(strrev.o)
                0x00001d1c                strrev
 .text.libgcc.prologue
                0x00001d3c       0x38 c:/program files (x86)/atmel/studio/7.0/toolchain/avr8/avr8-gnu-toolchain/bin/../lib/gcc/avr/5.4.0/avr5\libgcc.a(_prologue.o)
                0x00001d3c                __prologue_saves__
 .text.libgcc.prologue
                0x00001d74       0x36 c:/program files (x86)/atmel/studio/7.0/toolchain/avr8/avr8-gnu-toolchain/bin/../lib/gcc/avr/5.4.0/avr5\libgcc.a(_epilogue.o)
                0x00001d74                __epilogue_restores__
                0x00001daa                . = ALIGN (0x2)
 *(.fini9)
 .fini9         0x00001daa        0x0 c:/program files (x86)/atmel/studio/7.0/toolchain/avr8/avr8-gnu-toolchain/bin/../lib/gcc/avr/5.4.0/avr5\libgcc.a(_exit.o)
                0x00001daa                _exit
                0x00001daa                exit
 *(.fini9)
 *(.fini8)
 *(.fini8)
 *(.fini7)
 *(.fini7)
 *(.fini6)
 .fini6         0x00001daa       0x16 c:/program files (x86)/atmel/studio/7.0/toolchain/avr8/avr8-gnu-toolchain/bin/../lib/gcc/avr/5.4.0/avr5\libgcc.a(_dtors.o)
                0x00001daa                __do_global_dtors
 *(.fini6)
 *(.fini5)
 *(.fini5)
 *(.fini4)
 *(.fini4)
 *(.fini3)
 *(.fini3)
 *(.fini2)
 *(.fini2)
 *(.fini1)
 *(.fini1)
 *(.fini0)
 .fini0         0x00001dc0        0x4 c:/program files (x86)/atmel/studio/7.0/toolchain/avr8/avr8-gnu-toolchain/bin/../lib/gcc/avr/5.4.0/avr5\libgcc.a(_exit.o)
 *(.fini0)
                0x00001dc4                _etext = .

.data           0x00800100       0xa6 load address 0x00001dc4
                0x00800100                PROVIDE (__data_start, .)
 *(.data)
 .data          0x00800100        0x6 c:/program files (x86)/atmel/studio/7.0/toolchain/avr8/avr8-gnu-toolchain/bin/../lib/gcc/avr/5.4.0/../../../../avr/lib/avr5\libc.a(malloc.o)
                0x00800100                __malloc_heap_end
                0x00800102                __malloc_heap_start
                0x00800104                __malloc_margin
 *(.data*)
 .data.analog_reference
                0x00800106        0x1 C:\Users\FRISC_~1\DOCUME~1\GitHub\RDT\DOCUME~1\IGNITE~1\ARDUIN~1\IGNITE~1\ARDUIN~1\ARDUIN~1\Debug\libArduinoCore.a(wiring_analog.o)
                0x00800106                analog_reference
 *(.gnu.linkonce.d*)
 *(.rodata)
 .rodata        0x00800107       0x1e Sketch.o
 *(.rodata*)
 .rodata.str1.1
                0x00800125       0x5f Sketch.o
 .rodata._ZL2PT
                0x00800184        0x8 Sketch.o
 .rodata.str1.1
                0x0080018c        0x7 src/serialBuffer/serialBuffer.o
                                  0x8 (size before relaxing)
 .rodata.str1.1
                0x00800193        0x1 src/serialPacket/serialPacket.o
 .rodata.str1.1
                0x00800193        0x1 src/valves/valves.o
 .rodata._ZTV14HardwareSerial
                0x00800193       0x12 C:\Users\FRISC_~1\DOCUME~1\GitHub\RDT\DOCUME~1\IGNITE~1\ARDUIN~1\IGNITE~1\ARDUIN~1\ARDUIN~1\Debug\libArduinoCore.a(HardwareSerial.o)
                0x00800193                _ZTV14HardwareSerial
 .rodata.str1.1
                0x008001a5        0x1 C:\Users\FRISC_~1\DOCUME~1\GitHub\RDT\DOCUME~1\IGNITE~1\ARDUIN~1\IGNITE~1\ARDUIN~1\ARDUIN~1\Debug\libArduinoCore.a(WString.o)
 *(.gnu.linkonce.r*)
                0x008001a6                . = ALIGN (0x2)
 *fill*         0x008001a5        0x1 
                0x008001a6                _edata = .
                0x008001a6                PROVIDE (__data_end, .)

.bss            0x008001a6       0xdb
                0x008001a6                PROVIDE (__bss_start, .)
 *(.bss)
 *(.bss*)
 .bss.vs        0x008001a6       0x1a Sketch.o
                0x008001a6                vs
 .bss.pdata     0x008001c0        0x8 Sketch.o
                0x008001c0                pdata
 .bss.outPacket
                0x008001c8        0x8 Sketch.o
                0x008001c8                outPacket
 .bss.buffer1   0x008001d0        0x7 Sketch.o
                0x008001d0                buffer1
 .bss.Serial    0x008001d7       0x9d C:\Users\FRISC_~1\DOCUME~1\GitHub\RDT\DOCUME~1\IGNITE~1\ARDUIN~1\IGNITE~1\ARDUIN~1\ARDUIN~1\Debug\libArduinoCore.a(HardwareSerial0.o)
                0x008001d7                Serial
 .bss.timer0_fract
                0x00800274        0x1 C:\Users\FRISC_~1\DOCUME~1\GitHub\RDT\DOCUME~1\IGNITE~1\ARDUIN~1\IGNITE~1\ARDUIN~1\ARDUIN~1\Debug\libArduinoCore.a(wiring.o)
 .bss.timer0_millis
                0x00800275        0x4 C:\Users\FRISC_~1\DOCUME~1\GitHub\RDT\DOCUME~1\IGNITE~1\ARDUIN~1\IGNITE~1\ARDUIN~1\ARDUIN~1\Debug\libArduinoCore.a(wiring.o)
                0x00800275                timer0_millis
 .bss.timer0_overflow_count
                0x00800279        0x4 C:\Users\FRISC_~1\DOCUME~1\GitHub\RDT\DOCUME~1\IGNITE~1\ARDUIN~1\IGNITE~1\ARDUIN~1\ARDUIN~1\Debug\libArduinoCore.a(wiring.o)
                0x00800279                timer0_overflow_count
 *(COMMON)
 COMMON         0x0080027d        0x4 c:/program files (x86)/atmel/studio/7.0/toolchain/avr8/avr8-gnu-toolchain/bin/../lib/gcc/avr/5.4.0/../../../../avr/lib/avr5\libc.a(malloc.o)
                0x0080027d                __brkval
                0x0080027f                __flp
                0x00800281                PROVIDE (__bss_end, .)
                0x00001dc4                __data_load_start = LOADADDR (.data)
                0x00001e6a                __data_load_end = (__data_load_start + SIZEOF (.data))

.noinit         0x00800281        0x0
                [!provide]                PROVIDE (__noinit_start, .)
 *(.noinit*)
                [!provide]                PROVIDE (__noinit_end, .)
                0x00800281                _end = .
                0x00800281                PROVIDE (__heap_start, .)

.eeprom         0x00810000        0x0
 *(.eeprom*)
                0x00810000                __eeprom_end = .

.fuse
 *(.fuse)
 *(.lfuse)
 *(.hfuse)
 *(.efuse)

.lock
 *(.lock*)

.signature
 *(.signature*)

.user_signatures
 *(.user_signatures*)

.stab
 *(.stab)

.stabstr
 *(.stabstr)

.stab.excl
 *(.stab.excl)

.stab.exclstr
 *(.stab.exclstr)

.stab.index
 *(.stab.index)

.stab.indexstr
 *(.stab.indexstr)

.comment        0x00000000       0x30
 *(.comment)
 .comment       0x00000000       0x30 Sketch.o
                                 0x31 (size before relaxing)
 .comment       0x00000030       0x31 src/serialBuffer/serialBuffer.o
 .comment       0x00000030       0x31 src/serialPacket/serialPacket.o
 .comment       0x00000030       0x31 src/valves/valves.o
 .comment       0x00000030       0x31 C:\Users\FRISC_~1\DOCUME~1\GitHub\RDT\DOCUME~1\IGNITE~1\ARDUIN~1\IGNITE~1\ARDUIN~1\ARDUIN~1\Debug\libArduinoCore.a(HardwareSerial.o)
 .comment       0x00000030       0x31 C:\Users\FRISC_~1\DOCUME~1\GitHub\RDT\DOCUME~1\IGNITE~1\ARDUIN~1\IGNITE~1\ARDUIN~1\ARDUIN~1\Debug\libArduinoCore.a(HardwareSerial0.o)
 .comment       0x00000030       0x31 C:\Users\FRISC_~1\DOCUME~1\GitHub\RDT\DOCUME~1\IGNITE~1\ARDUIN~1\IGNITE~1\ARDUIN~1\ARDUIN~1\Debug\libArduinoCore.a(main.o)
 .comment       0x00000030       0x31 C:\Users\FRISC_~1\DOCUME~1\GitHub\RDT\DOCUME~1\IGNITE~1\ARDUIN~1\IGNITE~1\ARDUIN~1\ARDUIN~1\Debug\libArduinoCore.a(Print.o)
 .comment       0x00000030       0x31 C:\Users\FRISC_~1\DOCUME~1\GitHub\RDT\DOCUME~1\IGNITE~1\ARDUIN~1\IGNITE~1\ARDUIN~1\ARDUIN~1\Debug\libArduinoCore.a(wiring.o)
 .comment       0x00000030       0x31 C:\Users\FRISC_~1\DOCUME~1\GitHub\RDT\DOCUME~1\IGNITE~1\ARDUIN~1\IGNITE~1\ARDUIN~1\ARDUIN~1\Debug\libArduinoCore.a(wiring_analog.o)
 .comment       0x00000030       0x31 C:\Users\FRISC_~1\DOCUME~1\GitHub\RDT\DOCUME~1\IGNITE~1\ARDUIN~1\IGNITE~1\ARDUIN~1\ARDUIN~1\Debug\libArduinoCore.a(wiring_digital.o)
 .comment       0x00000030       0x31 C:\Users\FRISC_~1\DOCUME~1\GitHub\RDT\DOCUME~1\IGNITE~1\ARDUIN~1\IGNITE~1\ARDUIN~1\ARDUIN~1\Debug\libArduinoCore.a(WString.o)
 .comment       0x00000030       0x31 C:\Users\FRISC_~1\DOCUME~1\GitHub\RDT\DOCUME~1\IGNITE~1\ARDUIN~1\IGNITE~1\ARDUIN~1\ARDUIN~1\Debug\libArduinoCore.a(hooks.o)
 .comment       0x00000030       0x31 c:/program files (x86)/atmel/studio/7.0/toolchain/avr8/avr8-gnu-toolchain/bin/../lib/gcc/avr/5.4.0/../../../../avr/lib/avr5\libc.a(malloc.o)
 .comment       0x00000030       0x31 c:/program files (x86)/atmel/studio/7.0/toolchain/avr8/avr8-gnu-toolchain/bin/../lib/gcc/avr/5.4.0/../../../../avr/lib/avr5\libc.a(realloc.o)

.note.gnu.avr.deviceinfo
                0x00000000       0x40
 .note.gnu.avr.deviceinfo
                0x00000000       0x40 C:/Program Files (x86)/Atmel/Studio/7.0/Packs/Atmel/ATmega_DFP/1.3.300/gcc/dev/atmega328p/avr5/crtatmega328p.o

.note.gnu.build-id
 *(.note.gnu.build-id)

.debug
 *(.debug)

.line
 *(.line)

.debug_srcinfo
 *(.debug_srcinfo)

.debug_sfnames
 *(.debug_sfnames)

.debug_aranges  0x00000000      0x6f0
 *(.debug_aranges)
 .debug_aranges
                0x00000000       0x40 Sketch.o
 .debug_aranges
                0x00000040       0x50 src/serialBuffer/serialBuffer.o
 .debug_aranges
                0x00000090       0xa0 src/serialPacket/serialPacket.o
 .debug_aranges
                0x00000130       0x58 src/valves/valves.o
 .debug_aranges
                0x00000188       0x68 C:\Users\FRISC_~1\DOCUME~1\GitHub\RDT\DOCUME~1\IGNITE~1\ARDUIN~1\IGNITE~1\ARDUIN~1\ARDUIN~1\Debug\libArduinoCore.a(HardwareSerial.o)
 .debug_aranges
                0x000001f0       0x48 C:\Users\FRISC_~1\DOCUME~1\GitHub\RDT\DOCUME~1\IGNITE~1\ARDUIN~1\IGNITE~1\ARDUIN~1\ARDUIN~1\Debug\libArduinoCore.a(HardwareSerial0.o)
 .debug_aranges
                0x00000238       0x30 C:\Users\FRISC_~1\DOCUME~1\GitHub\RDT\DOCUME~1\IGNITE~1\ARDUIN~1\IGNITE~1\ARDUIN~1\ARDUIN~1\Debug\libArduinoCore.a(main.o)
 .debug_aranges
                0x00000268      0x100 C:\Users\FRISC_~1\DOCUME~1\GitHub\RDT\DOCUME~1\IGNITE~1\ARDUIN~1\IGNITE~1\ARDUIN~1\ARDUIN~1\Debug\libArduinoCore.a(Print.o)
 .debug_aranges
                0x00000368       0x48 C:\Users\FRISC_~1\DOCUME~1\GitHub\RDT\DOCUME~1\IGNITE~1\ARDUIN~1\IGNITE~1\ARDUIN~1\ARDUIN~1\Debug\libArduinoCore.a(wiring.o)
 .debug_aranges
                0x000003b0       0x30 C:\Users\FRISC_~1\DOCUME~1\GitHub\RDT\DOCUME~1\IGNITE~1\ARDUIN~1\IGNITE~1\ARDUIN~1\ARDUIN~1\Debug\libArduinoCore.a(wiring_analog.o)
 .debug_aranges
                0x000003e0       0x38 C:\Users\FRISC_~1\DOCUME~1\GitHub\RDT\DOCUME~1\IGNITE~1\ARDUIN~1\IGNITE~1\ARDUIN~1\ARDUIN~1\Debug\libArduinoCore.a(wiring_digital.o)
 .debug_aranges
                0x00000418      0x2b8 C:\Users\FRISC_~1\DOCUME~1\GitHub\RDT\DOCUME~1\IGNITE~1\ARDUIN~1\IGNITE~1\ARDUIN~1\ARDUIN~1\Debug\libArduinoCore.a(WString.o)
 .debug_aranges
                0x000006d0       0x20 C:\Users\FRISC_~1\DOCUME~1\GitHub\RDT\DOCUME~1\IGNITE~1\ARDUIN~1\IGNITE~1\ARDUIN~1\ARDUIN~1\Debug\libArduinoCore.a(hooks.o)

.debug_pubnames
 *(.debug_pubnames)

.debug_info     0x00000000    0x1356c
 *(.debug_info .gnu.linkonce.wi.*)
 .debug_info    0x00000000      0x5f4 C:/Program Files (x86)/Atmel/Studio/7.0/Packs/Atmel/ATmega_DFP/1.3.300/gcc/dev/atmega328p/avr5/crtatmega328p.o
 .debug_info    0x000005f4     0x2712 Sketch.o
 .debug_info    0x00002d06     0x1761 src/serialBuffer/serialBuffer.o
 .debug_info    0x00004467     0x2268 src/serialPacket/serialPacket.o
 .debug_info    0x000066cf     0x1a41 src/valves/valves.o
 .debug_info    0x00008110     0x1f64 C:\Users\FRISC_~1\DOCUME~1\GitHub\RDT\DOCUME~1\IGNITE~1\ARDUIN~1\IGNITE~1\ARDUIN~1\ARDUIN~1\Debug\libArduinoCore.a(HardwareSerial.o)
 .debug_info    0x0000a074     0x1b16 C:\Users\FRISC_~1\DOCUME~1\GitHub\RDT\DOCUME~1\IGNITE~1\ARDUIN~1\IGNITE~1\ARDUIN~1\ARDUIN~1\Debug\libArduinoCore.a(HardwareSerial0.o)
 .debug_info    0x0000bb8a      0x237 C:\Users\FRISC_~1\DOCUME~1\GitHub\RDT\DOCUME~1\IGNITE~1\ARDUIN~1\IGNITE~1\ARDUIN~1\ARDUIN~1\Debug\libArduinoCore.a(main.o)
 .debug_info    0x0000bdc1     0x28ff C:\Users\FRISC_~1\DOCUME~1\GitHub\RDT\DOCUME~1\IGNITE~1\ARDUIN~1\IGNITE~1\ARDUIN~1\ARDUIN~1\Debug\libArduinoCore.a(Print.o)
 .debug_info    0x0000e6c0      0x2cb C:\Users\FRISC_~1\DOCUME~1\GitHub\RDT\DOCUME~1\IGNITE~1\ARDUIN~1\IGNITE~1\ARDUIN~1\ARDUIN~1\Debug\libArduinoCore.a(wiring.o)
 .debug_info    0x0000e98b      0x26d C:\Users\FRISC_~1\DOCUME~1\GitHub\RDT\DOCUME~1\IGNITE~1\ARDUIN~1\IGNITE~1\ARDUIN~1\ARDUIN~1\Debug\libArduinoCore.a(wiring_analog.o)
 .debug_info    0x0000ebf8      0x5fe C:\Users\FRISC_~1\DOCUME~1\GitHub\RDT\DOCUME~1\IGNITE~1\ARDUIN~1\IGNITE~1\ARDUIN~1\ARDUIN~1\Debug\libArduinoCore.a(wiring_digital.o)
 .debug_info    0x0000f1f6     0x4338 C:\Users\FRISC_~1\DOCUME~1\GitHub\RDT\DOCUME~1\IGNITE~1\ARDUIN~1\IGNITE~1\ARDUIN~1\ARDUIN~1\Debug\libArduinoCore.a(WString.o)
 .debug_info    0x0001352e       0x3e C:\Users\FRISC_~1\DOCUME~1\GitHub\RDT\DOCUME~1\IGNITE~1\ARDUIN~1\IGNITE~1\ARDUIN~1\ARDUIN~1\Debug\libArduinoCore.a(hooks.o)

.debug_abbrev   0x00000000     0x2b34
 *(.debug_abbrev)
 .debug_abbrev  0x00000000      0x5a2 C:/Program Files (x86)/Atmel/Studio/7.0/Packs/Atmel/ATmega_DFP/1.3.300/gcc/dev/atmega328p/avr5/crtatmega328p.o
 .debug_abbrev  0x000005a2      0x3f0 Sketch.o
 .debug_abbrev  0x00000992      0x37c src/serialBuffer/serialBuffer.o
 .debug_abbrev  0x00000d0e      0x3b1 src/serialPacket/serialPacket.o
 .debug_abbrev  0x000010bf      0x351 src/valves/valves.o
 .debug_abbrev  0x00001410      0x4b7 C:\Users\FRISC_~1\DOCUME~1\GitHub\RDT\DOCUME~1\IGNITE~1\ARDUIN~1\IGNITE~1\ARDUIN~1\ARDUIN~1\Debug\libArduinoCore.a(HardwareSerial.o)
 .debug_abbrev  0x000018c7      0x3ce C:\Users\FRISC_~1\DOCUME~1\GitHub\RDT\DOCUME~1\IGNITE~1\ARDUIN~1\IGNITE~1\ARDUIN~1\ARDUIN~1\Debug\libArduinoCore.a(HardwareSerial0.o)
 .debug_abbrev  0x00001c95      0x12d C:\Users\FRISC_~1\DOCUME~1\GitHub\RDT\DOCUME~1\IGNITE~1\ARDUIN~1\IGNITE~1\ARDUIN~1\ARDUIN~1\Debug\libArduinoCore.a(main.o)
 .debug_abbrev  0x00001dc2      0x47a C:\Users\FRISC_~1\DOCUME~1\GitHub\RDT\DOCUME~1\IGNITE~1\ARDUIN~1\IGNITE~1\ARDUIN~1\ARDUIN~1\Debug\libArduinoCore.a(Print.o)
 .debug_abbrev  0x0000223c      0x146 C:\Users\FRISC_~1\DOCUME~1\GitHub\RDT\DOCUME~1\IGNITE~1\ARDUIN~1\IGNITE~1\ARDUIN~1\ARDUIN~1\Debug\libArduinoCore.a(wiring.o)
 .debug_abbrev  0x00002382      0x16b C:\Users\FRISC_~1\DOCUME~1\GitHub\RDT\DOCUME~1\IGNITE~1\ARDUIN~1\IGNITE~1\ARDUIN~1\ARDUIN~1\Debug\libArduinoCore.a(wiring_analog.o)
 .debug_abbrev  0x000024ed      0x15b C:\Users\FRISC_~1\DOCUME~1\GitHub\RDT\DOCUME~1\IGNITE~1\ARDUIN~1\IGNITE~1\ARDUIN~1\ARDUIN~1\Debug\libArduinoCore.a(wiring_digital.o)
 .debug_abbrev  0x00002648      0x4c2 C:\Users\FRISC_~1\DOCUME~1\GitHub\RDT\DOCUME~1\IGNITE~1\ARDUIN~1\IGNITE~1\ARDUIN~1\ARDUIN~1\Debug\libArduinoCore.a(WString.o)
 .debug_abbrev  0x00002b0a       0x2a C:\Users\FRISC_~1\DOCUME~1\GitHub\RDT\DOCUME~1\IGNITE~1\ARDUIN~1\IGNITE~1\ARDUIN~1\ARDUIN~1\Debug\libArduinoCore.a(hooks.o)

.debug_line     0x00000000     0x3b04
 *(.debug_line .debug_line.* .debug_line_end)
 .debug_line    0x00000000      0x133 C:/Program Files (x86)/Atmel/Studio/7.0/Packs/Atmel/ATmega_DFP/1.3.300/gcc/dev/atmega328p/avr5/crtatmega328p.o
 .debug_line    0x00000133      0x472 Sketch.o
 .debug_line    0x000005a5      0x30a src/serialBuffer/serialBuffer.o
 .debug_line    0x000008af      0x542 src/serialPacket/serialPacket.o
 .debug_line    0x00000df1      0x349 src/valves/valves.o
 .debug_line    0x0000113a      0x4c4 C:\Users\FRISC_~1\DOCUME~1\GitHub\RDT\DOCUME~1\IGNITE~1\ARDUIN~1\IGNITE~1\ARDUIN~1\ARDUIN~1\Debug\libArduinoCore.a(HardwareSerial.o)
 .debug_line    0x000015fe      0x28c C:\Users\FRISC_~1\DOCUME~1\GitHub\RDT\DOCUME~1\IGNITE~1\ARDUIN~1\IGNITE~1\ARDUIN~1\ARDUIN~1\Debug\libArduinoCore.a(HardwareSerial0.o)
 .debug_line    0x0000188a      0x165 C:\Users\FRISC_~1\DOCUME~1\GitHub\RDT\DOCUME~1\IGNITE~1\ARDUIN~1\IGNITE~1\ARDUIN~1\ARDUIN~1\Debug\libArduinoCore.a(main.o)
 .debug_line    0x000019ef      0x685 C:\Users\FRISC_~1\DOCUME~1\GitHub\RDT\DOCUME~1\IGNITE~1\ARDUIN~1\IGNITE~1\ARDUIN~1\ARDUIN~1\Debug\libArduinoCore.a(Print.o)
 .debug_line    0x00002074      0x299 C:\Users\FRISC_~1\DOCUME~1\GitHub\RDT\DOCUME~1\IGNITE~1\ARDUIN~1\IGNITE~1\ARDUIN~1\ARDUIN~1\Debug\libArduinoCore.a(wiring.o)
 .debug_line    0x0000230d      0x20f C:\Users\FRISC_~1\DOCUME~1\GitHub\RDT\DOCUME~1\IGNITE~1\ARDUIN~1\IGNITE~1\ARDUIN~1\ARDUIN~1\Debug\libArduinoCore.a(wiring_analog.o)
 .debug_line    0x0000251c      0x252 C:\Users\FRISC_~1\DOCUME~1\GitHub\RDT\DOCUME~1\IGNITE~1\ARDUIN~1\IGNITE~1\ARDUIN~1\ARDUIN~1\Debug\libArduinoCore.a(wiring_digital.o)
 .debug_line    0x0000276e     0x1355 C:\Users\FRISC_~1\DOCUME~1\GitHub\RDT\DOCUME~1\IGNITE~1\ARDUIN~1\IGNITE~1\ARDUIN~1\ARDUIN~1\Debug\libArduinoCore.a(WString.o)
 .debug_line    0x00003ac3       0x41 C:\Users\FRISC_~1\DOCUME~1\GitHub\RDT\DOCUME~1\IGNITE~1\ARDUIN~1\IGNITE~1\ARDUIN~1\ARDUIN~1\Debug\libArduinoCore.a(hooks.o)

.debug_frame    0x00000000     0x1724
 *(.debug_frame)
 .debug_frame   0x00000000       0x98 Sketch.o
 .debug_frame   0x00000098       0xb8 src/serialBuffer/serialBuffer.o
 .debug_frame   0x00000150      0x270 src/serialPacket/serialPacket.o
 .debug_frame   0x000003c0      0x15c src/valves/valves.o
 .debug_frame   0x0000051c      0x110 C:\Users\FRISC_~1\DOCUME~1\GitHub\RDT\DOCUME~1\IGNITE~1\ARDUIN~1\IGNITE~1\ARDUIN~1\ARDUIN~1\Debug\libArduinoCore.a(HardwareSerial.o)
 .debug_frame   0x0000062c       0xe0 C:\Users\FRISC_~1\DOCUME~1\GitHub\RDT\DOCUME~1\IGNITE~1\ARDUIN~1\IGNITE~1\ARDUIN~1\ARDUIN~1\Debug\libArduinoCore.a(HardwareSerial0.o)
 .debug_frame   0x0000070c       0x54 C:\Users\FRISC_~1\DOCUME~1\GitHub\RDT\DOCUME~1\IGNITE~1\ARDUIN~1\IGNITE~1\ARDUIN~1\ARDUIN~1\Debug\libArduinoCore.a(main.o)
 .debug_frame   0x00000760      0x3ac C:\Users\FRISC_~1\DOCUME~1\GitHub\RDT\DOCUME~1\IGNITE~1\ARDUIN~1\IGNITE~1\ARDUIN~1\ARDUIN~1\Debug\libArduinoCore.a(Print.o)
 .debug_frame   0x00000b0c       0xc4 C:\Users\FRISC_~1\DOCUME~1\GitHub\RDT\DOCUME~1\IGNITE~1\ARDUIN~1\IGNITE~1\ARDUIN~1\ARDUIN~1\Debug\libArduinoCore.a(wiring.o)
 .debug_frame   0x00000bd0       0x54 C:\Users\FRISC_~1\DOCUME~1\GitHub\RDT\DOCUME~1\IGNITE~1\ARDUIN~1\IGNITE~1\ARDUIN~1\ARDUIN~1\Debug\libArduinoCore.a(wiring_analog.o)
 .debug_frame   0x00000c24       0x7c C:\Users\FRISC_~1\DOCUME~1\GitHub\RDT\DOCUME~1\IGNITE~1\ARDUIN~1\IGNITE~1\ARDUIN~1\ARDUIN~1\Debug\libArduinoCore.a(wiring_digital.o)
 .debug_frame   0x00000ca0      0xa60 C:\Users\FRISC_~1\DOCUME~1\GitHub\RDT\DOCUME~1\IGNITE~1\ARDUIN~1\IGNITE~1\ARDUIN~1\ARDUIN~1\Debug\libArduinoCore.a(WString.o)
 .debug_frame   0x00001700       0x24 C:\Users\FRISC_~1\DOCUME~1\GitHub\RDT\DOCUME~1\IGNITE~1\ARDUIN~1\IGNITE~1\ARDUIN~1\ARDUIN~1\Debug\libArduinoCore.a(hooks.o)

.debug_str      0x00000000     0x2aca
 *(.debug_str)
 .debug_str     0x00000000      0x208 C:/Program Files (x86)/Atmel/Studio/7.0/Packs/Atmel/ATmega_DFP/1.3.300/gcc/dev/atmega328p/avr5/crtatmega328p.o
 .debug_str     0x00000208     0x144d Sketch.o
                               0x1528 (size before relaxing)
 .debug_str     0x00001655       0xc2 src/serialBuffer/serialBuffer.o
                               0x101a (size before relaxing)
 .debug_str     0x00001717      0x12f src/serialPacket/serialPacket.o
                               0x135f (size before relaxing)
 .debug_str     0x00001846       0x52 src/valves/valves.o
                               0x1303 (size before relaxing)
 .debug_str     0x00001898      0x7b6 C:\Users\FRISC_~1\DOCUME~1\GitHub\RDT\DOCUME~1\IGNITE~1\ARDUIN~1\IGNITE~1\ARDUIN~1\ARDUIN~1\Debug\libArduinoCore.a(HardwareSerial.o)
                               0x164a (size before relaxing)
 .debug_str     0x0000204e       0x86 C:\Users\FRISC_~1\DOCUME~1\GitHub\RDT\DOCUME~1\IGNITE~1\ARDUIN~1\IGNITE~1\ARDUIN~1\ARDUIN~1\Debug\libArduinoCore.a(HardwareSerial0.o)
                               0x143d (size before relaxing)
 .debug_str     0x000020d4       0x37 C:\Users\FRISC_~1\DOCUME~1\GitHub\RDT\DOCUME~1\IGNITE~1\ARDUIN~1\IGNITE~1\ARDUIN~1\ARDUIN~1\Debug\libArduinoCore.a(main.o)
                                0x2e9 (size before relaxing)
 .debug_str     0x0000210b      0x37d C:\Users\FRISC_~1\DOCUME~1\GitHub\RDT\DOCUME~1\IGNITE~1\ARDUIN~1\IGNITE~1\ARDUIN~1\ARDUIN~1\Debug\libArduinoCore.a(Print.o)
                               0x1277 (size before relaxing)
 .debug_str     0x00002488      0x15c C:\Users\FRISC_~1\DOCUME~1\GitHub\RDT\DOCUME~1\IGNITE~1\ARDUIN~1\IGNITE~1\ARDUIN~1\ARDUIN~1\Debug\libArduinoCore.a(wiring.o)
                                0x27f (size before relaxing)
 .debug_str     0x000025e4       0x6c C:\Users\FRISC_~1\DOCUME~1\GitHub\RDT\DOCUME~1\IGNITE~1\ARDUIN~1\IGNITE~1\ARDUIN~1\ARDUIN~1\Debug\libArduinoCore.a(wiring_analog.o)
                                0x283 (size before relaxing)
 .debug_str     0x00002650       0xa9 C:\Users\FRISC_~1\DOCUME~1\GitHub\RDT\DOCUME~1\IGNITE~1\ARDUIN~1\IGNITE~1\ARDUIN~1\ARDUIN~1\Debug\libArduinoCore.a(wiring_digital.o)
                                0x2e4 (size before relaxing)
 .debug_str     0x000026f9      0x3b5 C:\Users\FRISC_~1\DOCUME~1\GitHub\RDT\DOCUME~1\IGNITE~1\ARDUIN~1\IGNITE~1\ARDUIN~1\ARDUIN~1\Debug\libArduinoCore.a(WString.o)
                               0x11ca (size before relaxing)
 .debug_str     0x00002aae       0x1c C:\Users\FRISC_~1\DOCUME~1\GitHub\RDT\DOCUME~1\IGNITE~1\ARDUIN~1\IGNITE~1\ARDUIN~1\ARDUIN~1\Debug\libArduinoCore.a(hooks.o)
                                0x174 (size before relaxing)

.debug_loc      0x00000000     0x85d5
 *(.debug_loc)
 .debug_loc     0x00000000      0x156 Sketch.o
 .debug_loc     0x00000156      0x33b src/serialBuffer/serialBuffer.o
 .debug_loc     0x00000491      0xbba src/serialPacket/serialPacket.o
 .debug_loc     0x0000104b      0x6c3 src/valves/valves.o
 .debug_loc     0x0000170e      0x4dc C:\Users\FRISC_~1\DOCUME~1\GitHub\RDT\DOCUME~1\IGNITE~1\ARDUIN~1\IGNITE~1\ARDUIN~1\ARDUIN~1\Debug\libArduinoCore.a(HardwareSerial.o)
 .debug_loc     0x00001bea      0x1b0 C:\Users\FRISC_~1\DOCUME~1\GitHub\RDT\DOCUME~1\IGNITE~1\ARDUIN~1\IGNITE~1\ARDUIN~1\ARDUIN~1\Debug\libArduinoCore.a(HardwareSerial0.o)
 .debug_loc     0x00001d9a     0x1c87 C:\Users\FRISC_~1\DOCUME~1\GitHub\RDT\DOCUME~1\IGNITE~1\ARDUIN~1\IGNITE~1\ARDUIN~1\ARDUIN~1\Debug\libArduinoCore.a(Print.o)
 .debug_loc     0x00003a21      0x28d C:\Users\FRISC_~1\DOCUME~1\GitHub\RDT\DOCUME~1\IGNITE~1\ARDUIN~1\IGNITE~1\ARDUIN~1\ARDUIN~1\Debug\libArduinoCore.a(wiring.o)
 .debug_loc     0x00003cae       0xfe C:\Users\FRISC_~1\DOCUME~1\GitHub\RDT\DOCUME~1\IGNITE~1\ARDUIN~1\IGNITE~1\ARDUIN~1\ARDUIN~1\Debug\libArduinoCore.a(wiring_analog.o)
 .debug_loc     0x00003dac      0x5fc C:\Users\FRISC_~1\DOCUME~1\GitHub\RDT\DOCUME~1\IGNITE~1\ARDUIN~1\IGNITE~1\ARDUIN~1\ARDUIN~1\Debug\libArduinoCore.a(wiring_digital.o)
 .debug_loc     0x000043a8     0x422d C:\Users\FRISC_~1\DOCUME~1\GitHub\RDT\DOCUME~1\IGNITE~1\ARDUIN~1\IGNITE~1\ARDUIN~1\ARDUIN~1\Debug\libArduinoCore.a(WString.o)

.debug_macinfo
 *(.debug_macinfo)

.debug_weaknames
 *(.debug_weaknames)

.debug_funcnames
 *(.debug_funcnames)

.debug_typenames
 *(.debug_typenames)

.debug_varnames
 *(.debug_varnames)

.debug_pubtypes
 *(.debug_pubtypes)

.debug_ranges   0x00000000      0x6a0
 *(.debug_ranges)
 .debug_ranges  0x00000000       0x30 Sketch.o
 .debug_ranges  0x00000030       0x40 src/serialBuffer/serialBuffer.o
 .debug_ranges  0x00000070       0x90 src/serialPacket/serialPacket.o
 .debug_ranges  0x00000100       0x48 src/valves/valves.o
 .debug_ranges  0x00000148       0x58 C:\Users\FRISC_~1\DOCUME~1\GitHub\RDT\DOCUME~1\IGNITE~1\ARDUIN~1\IGNITE~1\ARDUIN~1\ARDUIN~1\Debug\libArduinoCore.a(HardwareSerial.o)
 .debug_ranges  0x000001a0       0x38 C:\Users\FRISC_~1\DOCUME~1\GitHub\RDT\DOCUME~1\IGNITE~1\ARDUIN~1\IGNITE~1\ARDUIN~1\ARDUIN~1\Debug\libArduinoCore.a(HardwareSerial0.o)
 .debug_ranges  0x000001d8       0x20 C:\Users\FRISC_~1\DOCUME~1\GitHub\RDT\DOCUME~1\IGNITE~1\ARDUIN~1\IGNITE~1\ARDUIN~1\ARDUIN~1\Debug\libArduinoCore.a(main.o)
 .debug_ranges  0x000001f8      0x120 C:\Users\FRISC_~1\DOCUME~1\GitHub\RDT\DOCUME~1\IGNITE~1\ARDUIN~1\IGNITE~1\ARDUIN~1\ARDUIN~1\Debug\libArduinoCore.a(Print.o)
 .debug_ranges  0x00000318       0x38 C:\Users\FRISC_~1\DOCUME~1\GitHub\RDT\DOCUME~1\IGNITE~1\ARDUIN~1\IGNITE~1\ARDUIN~1\ARDUIN~1\Debug\libArduinoCore.a(wiring.o)
 .debug_ranges  0x00000350       0x20 C:\Users\FRISC_~1\DOCUME~1\GitHub\RDT\DOCUME~1\IGNITE~1\ARDUIN~1\IGNITE~1\ARDUIN~1\ARDUIN~1\Debug\libArduinoCore.a(wiring_analog.o)
 .debug_ranges  0x00000370       0x28 C:\Users\FRISC_~1\DOCUME~1\GitHub\RDT\DOCUME~1\IGNITE~1\ARDUIN~1\IGNITE~1\ARDUIN~1\ARDUIN~1\Debug\libArduinoCore.a(wiring_digital.o)
 .debug_ranges  0x00000398      0x2f8 C:\Users\FRISC_~1\DOCUME~1\GitHub\RDT\DOCUME~1\IGNITE~1\ARDUIN~1\IGNITE~1\ARDUIN~1\ARDUIN~1\Debug\libArduinoCore.a(WString.o)
 .debug_ranges  0x00000690       0x10 C:\Users\FRISC_~1\DOCUME~1\GitHub\RDT\DOCUME~1\IGNITE~1\ARDUIN~1\IGNITE~1\ARDUIN~1\ARDUIN~1\Debug\libArduinoCore.a(hooks.o)

.debug_macro
 *(.debug_macro)
OUTPUT(ArduinoIgniter.elf elf32-avr)
LOAD linker stubs
